Collecting transformers==4.55.0
  Downloading transformers-4.55.0-py3-none-any.whl.metadata (39 kB)
Collecting accelerate>=1.0.0
  Downloading accelerate-1.14.0-py3-none-any.whl.metadata (19 kB)
Collecting bitsandbytes>=0.43.0
  Downloading bitsandbytes-0.49.2-py3-none-manylinux_2_24_x86_64.whl.metadata (10 kB)
Collecting sentencepiece
  Downloading sentencepiece-0.2.1-cp311-cp311-manylinux_2_27_x86_64.manylinux_2_28_x86_64.whl.metadata (10 kB)
Requirement already satisfied: filelock in /usr/local/lib/python3.11/dist-packages (from transformers==4.55.0) (3.13.1)
Collecting huggingface-hub<1.0,>=0.34.0 (from transformers==4.55.0)
  Downloading huggingface_hub-0.36.2-py3-none-any.whl.metadata (15 kB)
Requirement already satisfied: numpy>=1.17 in /usr/local/lib/python3.11/dist-packages (from transformers==4.55.0) (1.26.3)
Requirement already satisfied: packaging>=20.0 in /usr/local/lib/python3.11/dist-packages (from transformers==4.55.0) (24.1)
Requirement already satisfied: pyyaml>=5.1 in /usr/local/lib/python3.11/dist-packages (from transformers==4.55.0) (6.0.2)
Collecting regex!=2019.12.17 (from transformers==4.55.0)
  Downloading regex-2026.5.9-cp311-cp311-manylinux2014_x86_64.manylinux_2_17_x86_64.manylinux_2_28_x86_64.whl.metadata (40 kB)
Requirement already satisfied: requests in /usr/local/lib/python3.11/dist-packages (from transformers==4.55.0) (2.32.3)
Collecting tokenizers<0.22,>=0.21 (from transformers==4.55.0)
  Downloading tokenizers-0.21.4-cp39-abi3-manylinux_2_17_x86_64.manylinux2014_x86_64.whl.metadata (6.7 kB)
Collecting safetensors>=0.4.3 (from transformers==4.55.0)
  Downloading safetensors-0.8.0-cp310-abi3-manylinux_2_17_x86_64.manylinux2014_x86_64.whl.metadata (4.2 kB)
Collecting tqdm>=4.27 (from transformers==4.55.0)
  Downloading tqdm-4.68.3-py3-none-any.whl.metadata (57 kB)
Requirement already satisfied: fsspec>=2023.5.0 in /usr/local/lib/python3.11/dist-packages (from huggingface-hub<1.0,>=0.34.0->transformers==4.55.0) (2024.2.0)
Collecting hf-xet<2.0.0,>=1.1.3 (from huggingface-hub<1.0,>=0.34.0->transformers==4.55.0)
  Downloading hf_xet-1.5.1-cp37-abi3-manylinux2014_x86_64.manylinux_2_17_x86_64.whl.metadata (4.9 kB)
Requirement already satisfied: typing-extensions>=3.7.4.3 in /usr/local/lib/python3.11/dist-packages (from huggingface-hub<1.0,>=0.34.0->transformers==4.55.0) (4.9.0)
Requirement already satisfied: psutil in /usr/local/lib/python3.11/dist-packages (from accelerate>=1.0.0) (6.0.0)
Requirement already satisfied: torch>=2.0.0 in /usr/local/lib/python3.11/dist-packages (from accelerate>=1.0.0) (2.4.1+cu124)
Requirement already satisfied: sympy in /usr/local/lib/python3.11/dist-packages (from torch>=2.0.0->accelerate>=1.0.0) (1.12)
Requirement already satisfied: networkx in /usr/local/lib/python3.11/dist-packages (from torch>=2.0.0->accelerate>=1.0.0) (3.2.1)
Requirement already satisfied: jinja2 in /usr/local/lib/python3.11/dist-packages (from torch>=2.0.0->accelerate>=1.0.0) (3.1.3)
Requirement already satisfied: nvidia-cuda-nvrtc-cu12==12.4.99 in /usr/local/lib/python3.11/dist-packages (from torch>=2.0.0->accelerate>=1.0.0) (12.4.99)
Requirement already satisfied: nvidia-cuda-runtime-cu12==12.4.99 in /usr/local/lib/python3.11/dist-packages (from torch>=2.0.0->accelerate>=1.0.0) (12.4.99)
Requirement already satisfied: nvidia-cuda-cupti-cu12==12.4.99 in /usr/local/lib/python3.11/dist-packages (from torch>=2.0.0->accelerate>=1.0.0) (12.4.99)
Requirement already satisfied: nvidia-cudnn-cu12==9.1.0.70 in /usr/local/lib/python3.11/dist-packages (from torch>=2.0.0->accelerate>=1.0.0) (9.1.0.70)
Requirement already satisfied: nvidia-cublas-cu12==12.4.2.65 in /usr/local/lib/python3.11/dist-packages (from torch>=2.0.0->accelerate>=1.0.0) (12.4.2.65)
Requirement already satisfied: nvidia-cufft-cu12==11.2.0.44 in /usr/local/lib/python3.11/dist-packages (from torch>=2.0.0->accelerate>=1.0.0) (11.2.0.44)
Requirement already satisfied: nvidia-curand-cu12==10.3.5.119 in /usr/local/lib/python3.11/dist-packages (from torch>=2.0.0->accelerate>=1.0.0) (10.3.5.119)
Requirement already satisfied: nvidia-cusolver-cu12==11.6.0.99 in /usr/local/lib/python3.11/dist-packages (from torch>=2.0.0->accelerate>=1.0.0) (11.6.0.99)
Requirement already satisfied: nvidia-cusparse-cu12==12.3.0.142 in /usr/local/lib/python3.11/dist-packages (from torch>=2.0.0->accelerate>=1.0.0) (12.3.0.142)
Requirement already satisfied: nvidia-nccl-cu12==2.20.5 in /usr/local/lib/python3.11/dist-packages (from torch>=2.0.0->accelerate>=1.0.0) (2.20.5)
Requirement already satisfied: nvidia-nvtx-cu12==12.4.99 in /usr/local/lib/python3.11/dist-packages (from torch>=2.0.0->accelerate>=1.0.0) (12.4.99)
Requirement already satisfied: nvidia-nvjitlink-cu12==12.4.99 in /usr/local/lib/python3.11/dist-packages (from torch>=2.0.0->accelerate>=1.0.0) (12.4.99)
Requirement already satisfied: triton==3.0.0 in /usr/local/lib/python3.11/dist-packages (from torch>=2.0.0->accelerate>=1.0.0) (3.0.0)
Requirement already satisfied: MarkupSafe>=2.0 in /usr/local/lib/python3.11/dist-packages (from jinja2->torch>=2.0.0->accelerate>=1.0.0) (2.1.5)
Requirement already satisfied: charset-normalizer<4,>=2 in /usr/local/lib/python3.11/dist-packages (from requests->transformers==4.55.0) (3.3.2)
Requirement already satisfied: idna<4,>=2.5 in /usr/local/lib/python3.11/dist-packages (from requests->transformers==4.55.0) (3.10)
Requirement already satisfied: urllib3<3,>=1.21.1 in /usr/local/lib/python3.11/dist-packages (from requests->transformers==4.55.0) (2.2.3)
Requirement already satisfied: certifi>=2017.4.17 in /usr/local/lib/python3.11/dist-packages (from requests->transformers==4.55.0) (2024.8.30)
Requirement already satisfied: mpmath>=0.19 in /usr/local/lib/python3.11/dist-packages (from sympy->torch>=2.0.0->accelerate>=1.0.0) (1.3.0)
Downloading transformers-4.55.0-py3-none-any.whl (11.3 MB)
   ━━━━━━━━━━━━━━━━━━━━━━━━━━━━━━━━━━━━━━━━ 11.3/11.3 MB 16.8 MB/s  0:00:00
Downloading huggingface_hub-0.36.2-py3-none-any.whl (566 kB)
   ━━━━━━━━━━━━━━━━━━━━━━━━━━━━━━━━━━━━━━━━ 566.4/566.4 kB 77.3 MB/s  0:00:00
Downloading hf_xet-1.5.1-cp37-abi3-manylinux2014_x86_64.manylinux_2_17_x86_64.whl (4.5 MB)
   ━━━━━━━━━━━━━━━━━━━━━━━━━━━━━━━━━━━━━━━━ 4.5/4.5 MB 134.6 MB/s  0:00:00
Downloading tokenizers-0.21.4-cp39-abi3-manylinux_2_17_x86_64.manylinux2014_x86_64.whl (3.1 MB)
   ━━━━━━━━━━━━━━━━━━━━━━━━━━━━━━━━━━━━━━━━ 3.1/3.1 MB 55.5 MB/s  0:00:00
Downloading accelerate-1.14.0-py3-none-any.whl (389 kB)
Downloading bitsandbytes-0.49.2-py3-none-manylinux_2_24_x86_64.whl (60.7 MB)
   ━━━━━━━━━━━━━━━━━━━━━━━━━━━━━━━━━━━━━━━━ 60.7/60.7 MB 86.7 MB/s  0:00:00
Downloading sentencepiece-0.2.1-cp311-cp311-manylinux_2_27_x86_64.manylinux_2_28_x86_64.whl (1.4 MB)
   ━━━━━━━━━━━━━━━━━━━━━━━━━━━━━━━━━━━━━━━━ 1.4/1.4 MB 224.1 MB/s  0:00:00
Downloading regex-2026.5.9-cp311-cp311-manylinux2014_x86_64.manylinux_2_17_x86_64.manylinux_2_28_x86_64.whl (799 kB)
   ━━━━━━━━━━━━━━━━━━━━━━━━━━━━━━━━━━━━━━━━ 799.8/799.8 kB 175.2 MB/s  0:00:00
Downloading safetensors-0.8.0-cp310-abi3-manylinux_2_17_x86_64.manylinux2014_x86_64.whl (516 kB)
Downloading tqdm-4.68.3-py3-none-any.whl (78 kB)
Installing collected packages: tqdm, sentencepiece, safetensors, regex, hf-xet, huggingface-hub, tokenizers, transformers, bitsandbytes, accelerate

Successfully installed accelerate-1.14.0 bitsandbytes-0.49.2 hf-xet-1.5.1 huggingface-hub-0.36.2 regex-2026.5.9 safetensors-0.8.0 sentencepiece-0.2.1 tokenizers-0.21.4 tqdm-4.68.3 transformers-4.55.0
