Collecting fastapi
  Downloading fastapi-0.137.2-py3-none-any.whl.metadata (27 kB)
Collecting pydantic
  Downloading pydantic-2.13.4-py3-none-any.whl.metadata (109 kB)
Collecting prometheus-fastapi-instrumentator
  Downloading prometheus_fastapi_instrumentator-8.0.0-py3-none-any.whl.metadata (13 kB)
Collecting uvicorn[standard]
  Downloading uvicorn-0.49.0-py3-none-any.whl.metadata (6.7 kB)
Collecting starlette>=0.46.0 (from fastapi)
  Downloading starlette-1.3.1-py3-none-any.whl.metadata (6.4 kB)
Requirement already satisfied: typing-extensions>=4.8.0 in /usr/local/lib/python3.11/dist-packages (from fastapi) (4.9.0)
Collecting typing-inspection>=0.4.2 (from fastapi)
  Downloading typing_inspection-0.4.2-py3-none-any.whl.metadata (2.6 kB)
Collecting annotated-doc>=0.0.2 (from fastapi)
  Downloading annotated_doc-0.0.4-py3-none-any.whl.metadata (6.6 kB)
Collecting click>=7.0 (from uvicorn[standard])
  Downloading click-8.4.1-py3-none-any.whl.metadata (2.6 kB)
Requirement already satisfied: h11>=0.8 in /usr/local/lib/python3.11/dist-packages (from uvicorn[standard]) (0.14.0)
Collecting httptools>=0.8.0 (from uvicorn[standard])
  Downloading httptools-0.8.0-cp311-cp311-manylinux1_x86_64.manylinux_2_28_x86_64.manylinux_2_5_x86_64.whl.metadata (3.5 kB)
Collecting python-dotenv>=0.13 (from uvicorn[standard])
  Downloading python_dotenv-1.2.2-py3-none-any.whl.metadata (27 kB)
Requirement already satisfied: pyyaml>=5.1 in /usr/local/lib/python3.11/dist-packages (from uvicorn[standard]) (6.0.2)
Collecting uvloop>=0.15.1 (from uvicorn[standard])
  Downloading uvloop-0.22.1-cp311-cp311-manylinux2014_x86_64.manylinux_2_17_x86_64.manylinux_2_28_x86_64.whl.metadata (4.9 kB)
Collecting watchfiles>=0.20 (from uvicorn[standard])
  Downloading watchfiles-1.2.0-cp311-cp311-manylinux_2_17_x86_64.manylinux2014_x86_64.whl.metadata (4.9 kB)
Collecting websockets>=10.4 (from uvicorn[standard])
  Downloading websockets-16.0-cp311-cp311-manylinux1_x86_64.manylinux_2_28_x86_64.manylinux_2_5_x86_64.whl.metadata (6.8 kB)
Collecting annotated-types>=0.6.0 (from pydantic)
  Downloading annotated_types-0.7.0-py3-none-any.whl.metadata (15 kB)
Collecting pydantic-core==2.46.4 (from pydantic)
  Downloading pydantic_core-2.46.4-cp311-cp311-manylinux_2_17_x86_64.manylinux2014_x86_64.whl.metadata (6.6 kB)
Collecting typing-extensions>=4.8.0 (from fastapi)
  Downloading typing_extensions-4.15.0-py3-none-any.whl.metadata (3.3 kB)
Requirement already satisfied: prometheus-client<1.0.0,>=0.8.0 in /usr/local/lib/python3.11/dist-packages (from prometheus-fastapi-instrumentator) (0.21.0)
Requirement already satisfied: anyio<5,>=3.6.2 in /usr/local/lib/python3.11/dist-packages (from starlette>=0.46.0->fastapi) (4.6.0)
Requirement already satisfied: idna>=2.8 in /usr/local/lib/python3.11/dist-packages (from anyio<5,>=3.6.2->starlette>=0.46.0->fastapi) (3.10)
Requirement already satisfied: sniffio>=1.1 in /usr/local/lib/python3.11/dist-packages (from anyio<5,>=3.6.2->starlette>=0.46.0->fastapi) (1.3.1)
Downloading fastapi-0.137.2-py3-none-any.whl (122 kB)
Downloading uvicorn-0.49.0-py3-none-any.whl (71 kB)
Downloading pydantic-2.13.4-py3-none-any.whl (472 kB)
Downloading pydantic_core-2.46.4-cp311-cp311-manylinux_2_17_x86_64.manylinux2014_x86_64.whl (2.1 MB)
   ━━━━━━━━━━━━━━━━━━━━━━━━━━━━━━━━━━━━━━━━ 2.1/2.1 MB 778.6 kB/s  0:00:02
Downloading prometheus_fastapi_instrumentator-8.0.0-py3-none-any.whl (19 kB)
Downloading starlette-1.3.1-py3-none-any.whl (73 kB)
Downloading annotated_doc-0.0.4-py3-none-any.whl (5.3 kB)
Downloading annotated_types-0.7.0-py3-none-any.whl (13 kB)
Downloading click-8.4.1-py3-none-any.whl (116 kB)
Downloading httptools-0.8.0-cp311-cp311-manylinux1_x86_64.manylinux_2_28_x86_64.manylinux_2_5_x86_64.whl (464 kB)
Downloading python_dotenv-1.2.2-py3-none-any.whl (22 kB)
Downloading typing_extensions-4.15.0-py3-none-any.whl (44 kB)
Downloading typing_inspection-0.4.2-py3-none-any.whl (14 kB)
Downloading uvloop-0.22.1-cp311-cp311-manylinux2014_x86_64.manylinux_2_17_x86_64.manylinux_2_28_x86_64.whl (3.8 MB)
   ━━━━━━━━━━━━━━━━━━━━━━━━━━━━━━━━━━━━━━━━ 3.8/3.8 MB 733.5 kB/s  0:00:05
Downloading watchfiles-1.2.0-cp311-cp311-manylinux_2_17_x86_64.manylinux2014_x86_64.whl (456 kB)
Downloading websockets-16.0-cp311-cp311-manylinux1_x86_64.manylinux_2_28_x86_64.manylinux_2_5_x86_64.whl (184 kB)
Installing collected packages: websockets, uvloop, typing-extensions, python-dotenv, httptools, click, annotated-types, annotated-doc, watchfiles, uvicorn, typing-inspection, starlette, pydantic-core, pydantic, prometheus-fastapi-instrumentator, fastapi
  Attempting uninstall: typing-extensions
    Found existing installation: typing_extensions 4.9.0
    Not uninstalling typing-extensions at /usr/local/lib/python3.11/dist-packages, outside environment /workspace/venvs/bnb-int8
    Can't uninstall 'typing_extensions'. No files were found to uninstall.

Successfully installed annotated-doc-0.0.4 annotated-types-0.7.0 click-8.4.1 fastapi-0.137.2 httptools-0.8.0 prometheus-fastapi-instrumentator-8.0.0 pydantic-2.13.4 pydantic-core-2.46.4 python-dotenv-1.2.2 starlette-1.3.1 typing-extensions-4.15.0 typing-inspection-0.4.2 uvicorn-0.49.0 uvloop-0.22.1 watchfiles-1.2.0 websockets-16.0
