Requirement already satisfied: pip in /usr/local/lib/python3.11/dist-packages (24.2)
Collecting pip
  Downloading pip-26.1.2-py3-none-any.whl.metadata (4.6 kB)
Requirement already satisfied: setuptools in /usr/local/lib/python3.11/dist-packages (75.1.0)
Collecting setuptools
  Downloading setuptools-82.0.1-py3-none-any.whl.metadata (6.5 kB)
Requirement already satisfied: wheel in /usr/local/lib/python3.11/dist-packages (0.44.0)
Collecting wheel
  Downloading wheel-0.47.0-py3-none-any.whl.metadata (2.3 kB)
Requirement already satisfied: packaging>=24.0 in /usr/local/lib/python3.11/dist-packages (from wheel) (24.1)
Downloading pip-26.1.2-py3-none-any.whl (1.8 MB)
   ━━━━━━━━━━━━━━━━━━━━━━━━━━━━━━━━━━━━━━━━ 1.8/1.8 MB 166.9 MB/s eta 0:00:00
Downloading setuptools-82.0.1-py3-none-any.whl (1.0 MB)
   ━━━━━━━━━━━━━━━━━━━━━━━━━━━━━━━━━━━━━━━━ 1.0/1.0 MB 261.0 MB/s eta 0:00:00
Downloading wheel-0.47.0-py3-none-any.whl (32 kB)
Installing collected packages: wheel, setuptools, pip
  Attempting uninstall: wheel
    Found existing installation: wheel 0.44.0
    Uninstalling wheel-0.44.0:
      Successfully uninstalled wheel-0.44.0
  Attempting uninstall: setuptools
    Found existing installation: setuptools 75.1.0
    Uninstalling setuptools-75.1.0:
      Successfully uninstalled setuptools-75.1.0
  Attempting uninstall: pip
    Found existing installation: pip 24.2
    Uninstalling pip-24.2:
      Successfully uninstalled pip-24.2
Successfully installed pip-26.1.2 setuptools-82.0.1 wheel-0.47.0
WARNING: Running pip as the 'root' user can result in broken permissions and conflicting behaviour with the system package manager, possibly rendering your system unusable.It is recommended to use a virtual environment instead: https://pip.pypa.io/warnings/venv. Use the --root-user-action option if you know what you are doing and want to suppress this warning.
