Get:1 http://security.ubuntu.com/ubuntu jammy-security InRelease [129 kB]
Get:2 http://archive.ubuntu.com/ubuntu jammy InRelease [270 kB]
Get:3 https://developer.download.nvidia.com/compute/cuda/repos/ubuntu2204/x86_64  InRelease [1581 B]
Get:4 https://ppa.launchpadcontent.net/deadsnakes/ppa/ubuntu jammy InRelease [18.1 kB]
Get:5 https://developer.download.nvidia.com/compute/cuda/repos/ubuntu2204/x86_64  Packages [2646 kB]
Get:6 http://archive.ubuntu.com/ubuntu jammy-updates InRelease [128 kB]
Get:7 http://security.ubuntu.com/ubuntu jammy-security/restricted amd64 Packages [7084 kB]
Get:8 http://archive.ubuntu.com/ubuntu jammy-backports InRelease [127 kB]
Get:9 http://archive.ubuntu.com/ubuntu jammy/multiverse amd64 Packages [266 kB]
Get:10 http://archive.ubuntu.com/ubuntu jammy/restricted amd64 Packages [164 kB]
Get:11 http://archive.ubuntu.com/ubuntu jammy/universe amd64 Packages [17.5 MB]
Get:12 http://security.ubuntu.com/ubuntu jammy-security/universe amd64 Packages [1295 kB]
Get:13 http://security.ubuntu.com/ubuntu jammy-security/main amd64 Packages [3955 kB]
Get:14 http://security.ubuntu.com/ubuntu jammy-security/multiverse amd64 Packages [77.8 kB]
Get:15 https://ppa.launchpadcontent.net/deadsnakes/ppa/ubuntu jammy/main amd64 Packages [38.9 kB]
Get:16 http://archive.ubuntu.com/ubuntu jammy/main amd64 Packages [1792 kB]
Get:17 http://archive.ubuntu.com/ubuntu jammy-updates/restricted amd64 Packages [7355 kB]
Get:18 http://archive.ubuntu.com/ubuntu jammy-updates/main amd64 Packages [4294 kB]
Get:19 http://archive.ubuntu.com/ubuntu jammy-updates/multiverse amd64 Packages [86.4 kB]
Get:20 http://archive.ubuntu.com/ubuntu jammy-updates/universe amd64 Packages [1602 kB]
Get:21 http://archive.ubuntu.com/ubuntu jammy-backports/main amd64 Packages [82.8 kB]
Get:22 http://archive.ubuntu.com/ubuntu jammy-backports/universe amd64 Packages [35.6 kB]
Fetched 48.9 MB in 2s (20.9 MB/s)
Reading package lists...
