===== AUDIT: data/week3_bagel/cases/official_meme.json =====
{
  "json": "/workspace/ai-inference-service/results/week3_bagel/bagel_understanding_official_meme_n3_20260623T203438Z.json",
  "csv": "/workspace/ai-inference-service/results/week3_bagel/bagel_understanding_official_meme_n3_20260623T203438Z.csv",
  "evidence": "/workspace/ai-inference-service/evidence/week3_bagel/bagel_understanding_official_meme_n3_20260623T203438Z.txt",
  "runs_succeeded": 3,
  "p50_seconds": 5.424427727237344,
  "p95_seconds": 5.428464488685131,
  "peak_gpu_memory_mib": 29149,
  "peak_gpu_utilization_percent": 86
}
===== AUDIT: data/week3_bagel/cases/official_octupusy.json =====
{
  "json": "/workspace/ai-inference-service/results/week3_bagel/bagel_understanding_official_octupusy_n3_20260623T203455Z.json",
  "csv": "/workspace/ai-inference-service/results/week3_bagel/bagel_understanding_official_octupusy_n3_20260623T203455Z.csv",
  "evidence": "/workspace/ai-inference-service/evidence/week3_bagel/bagel_understanding_official_octupusy_n3_20260623T203455Z.txt",
  "runs_succeeded": 3,
  "p50_seconds": 6.124044626951218,
  "p95_seconds": 6.214155998639763,
  "peak_gpu_memory_mib": 29157,
  "peak_gpu_utilization_percent": 77
}
===== AUDIT: data/week3_bagel/cases/official_women.json =====
{
  "json": "/workspace/ai-inference-service/results/week3_bagel/bagel_understanding_official_women_n3_20260623T203513Z.json",
  "csv": "/workspace/ai-inference-service/results/week3_bagel/bagel_understanding_official_women_n3_20260623T203513Z.csv",
  "evidence": "/workspace/ai-inference-service/evidence/week3_bagel/bagel_understanding_official_women_n3_20260623T203513Z.txt",
  "runs_succeeded": 3,
  "p50_seconds": 3.122894210740924,
  "p95_seconds": 3.1691830145195126,
  "peak_gpu_memory_mib": 29771,
  "peak_gpu_utilization_percent": 99
}
