[1/366] gsm8k_0003 status=200 ok=True expected=70000 predicted=70000 correct=True latency=10.720s
[2/366] gsm8k_0008 status=200 ok=True expected=160 predicted=160 correct=True latency=9.715s
[3/366] gsm8k_0009 status=200 ok=True expected=45 predicted=45 correct=True latency=12.938s
[4/366] gsm8k_0014 status=200 ok=True expected=18 predicted=18 correct=True latency=10.259s
[5/366] gsm8k_0015 status=200 ok=True expected=60 predicted=60 correct=True latency=9.502s
[6/366] gsm8k_0018 status=200 ok=True expected=57500 predicted=57500 correct=True latency=8.544s
[7/366] gsm8k_0020 status=200 ok=True expected=6 predicted=6 correct=True latency=10.314s
[8/366] gsm8k_0021 status=200 ok=True expected=15 predicted=15 correct=True latency=8.775s
[9/366] gsm8k_0026 status=200 ok=True expected=2 predicted=2 correct=True latency=8.570s
[10/366] gsm8k_0027 status=200 ok=True expected=243 predicted=243 correct=True latency=8.211s
[11/366] gsm8k_0031 status=200 ok=True expected=109 predicted=109 correct=True latency=9.566s
[12/366] gsm8k_0037 status=200 ok=True expected=75 predicted=75 correct=True latency=8.311s
[13/366] gsm8k_0040 status=200 ok=True expected=18 predicted=18 correct=True latency=12.342s
[14/366] gsm8k_0045 status=200 ok=True expected=20 predicted=20 correct=True latency=9.695s
[15/366] gsm8k_0048 status=200 ok=True expected=800 predicted=800 correct=True latency=11.010s
[16/366] gsm8k_0053 status=200 ok=True expected=15 predicted=15 correct=True latency=8.909s
[17/366] gsm8k_0054 status=200 ok=True expected=40 predicted=40 correct=True latency=9.063s
[18/366] gsm8k_0064 status=200 ok=True expected=1596 predicted=1596 correct=True latency=9.385s
[19/366] gsm8k_0075 status=200 ok=True expected=88 predicted=88 correct=True latency=9.462s
[20/366] gsm8k_0076 status=200 ok=True expected=60 predicted=60 correct=True latency=8.871s
[21/366] gsm8k_0077 status=200 ok=True expected=5 predicted=5 correct=True latency=9.190s
[22/366] gsm8k_0079 status=200 ok=True expected=6 predicted=6 correct=True latency=8.510s
[23/366] gsm8k_0088 status=200 ok=True expected=9360 predicted=7920 correct=False latency=9.591s
[24/366] gsm8k_0093 status=200 ok=True expected=4 predicted=4 correct=True latency=8.192s
[25/366] gsm8k_0101 status=200 ok=True expected=175 predicted=175 correct=True latency=9.090s
[26/366] gsm8k_0107 status=200 ok=True expected=72 predicted=72 correct=True latency=9.331s
[27/366] gsm8k_0110 status=200 ok=True expected=28 predicted=28 correct=True latency=8.892s
[28/366] gsm8k_0112 status=200 ok=True expected=16 predicted=16 correct=True latency=9.851s
[29/366] gsm8k_0116 status=200 ok=True expected=90 predicted=90 correct=True latency=11.073s
[30/366] gsm8k_0120 status=200 ok=True expected=95200 predicted=99077 correct=False latency=15.213s
[31/366] gsm8k_0123 status=200 ok=True expected=48 predicted=55 correct=False latency=8.691s
[32/366] gsm8k_0129 status=200 ok=True expected=880 predicted=880 correct=True latency=9.912s
[33/366] gsm8k_0130 status=200 ok=True expected=10000 predicted=10000 correct=True latency=10.536s
[34/366] gsm8k_0138 status=200 ok=True expected=29 predicted=29 correct=True latency=10.359s
[35/366] gsm8k_0139 status=200 ok=True expected=105 predicted=105 correct=True latency=8.516s
[36/366] gsm8k_0148 status=200 ok=True expected=75 predicted=75 correct=True latency=10.008s
[37/366] gsm8k_0151 status=200 ok=True expected=4 predicted=4 correct=True latency=9.171s
[38/366] gsm8k_0154 status=200 ok=True expected=48 predicted=48 correct=True latency=11.487s
[39/366] gsm8k_0155 status=200 ok=True expected=272 predicted=272 correct=True latency=7.803s
[40/366] gsm8k_0156 status=200 ok=True expected=280 predicted=280 correct=True latency=8.647s
[41/366] gsm8k_0158 status=200 ok=True expected=80 predicted=80 correct=True latency=12.058s
[42/366] gsm8k_0163 status=200 ok=True expected=92 predicted=767 correct=False latency=14.612s
[43/366] gsm8k_0173 status=200 ok=True expected=51 predicted=51 correct=True latency=8.052s
[44/366] gsm8k_0176 status=200 ok=True expected=15 predicted=15 correct=True latency=7.362s
[45/366] gsm8k_0178 status=200 ok=True expected=350 predicted=350 correct=True latency=14.966s
[46/366] gsm8k_0184 status=200 ok=True expected=2 predicted=2 correct=True latency=10.130s
[47/366] gsm8k_0185 status=200 ok=True expected=25 predicted=25 correct=True latency=9.305s
[48/366] gsm8k_0187 status=200 ok=True expected=5 predicted=5 correct=True latency=10.817s
[49/366] gsm8k_0188 status=200 ok=True expected=106 predicted=106.12 correct=False latency=9.941s
[50/366] gsm8k_0190 status=200 ok=True expected=34 predicted=34 correct=True latency=8.847s
[51/366] gsm8k_0194 status=200 ok=True expected=24 predicted=24 correct=True latency=9.460s
[52/366] gsm8k_0200 status=200 ok=True expected=7500 predicted=7500 correct=True latency=8.884s
[53/366] gsm8k_0206 status=200 ok=True expected=98 predicted=191 correct=False latency=10.032s
[54/366] gsm8k_0208 status=200 ok=True expected=2600 predicted=2600 correct=True latency=10.293s
[55/366] gsm8k_0214 status=200 ok=True expected=250 predicted=250 correct=True latency=8.381s
[56/366] gsm8k_0215 status=200 ok=True expected=8 predicted=8 correct=True latency=8.215s
[57/366] gsm8k_0219 status=200 ok=True expected=45 predicted=45 correct=True latency=8.516s
[58/366] gsm8k_0220 status=200 ok=True expected=54 predicted=54 correct=True latency=9.376s
[59/366] gsm8k_0227 status=200 ok=True expected=33 predicted=33 correct=True latency=9.503s
[60/366] gsm8k_0228 status=200 ok=True expected=9 predicted=9 correct=True latency=9.037s
[61/366] gsm8k_0231 status=200 ok=True expected=276000 predicted=276000 correct=True latency=10.027s
[62/366] gsm8k_0243 status=200 ok=True expected=3 predicted=3 correct=True latency=9.591s
[63/366] gsm8k_0245 status=200 ok=True expected=20 predicted=20 correct=True latency=9.191s
[64/366] gsm8k_0247 status=200 ok=True expected=27000 predicted=27000 correct=True latency=8.982s
[65/366] gsm8k_0250 status=200 ok=True expected=5600 predicted=5600 correct=True latency=8.787s
[66/366] gsm8k_0260 status=200 ok=True expected=168 predicted=168 correct=True latency=10.162s
[67/366] gsm8k_0266 status=200 ok=True expected=9500 predicted=9500 correct=True latency=9.326s
[68/366] gsm8k_0267 status=200 ok=True expected=118000 predicted=118000 correct=True latency=8.663s
[69/366] gsm8k_0268 status=200 ok=True expected=91 predicted=91 correct=True latency=9.042s
[70/366] gsm8k_0274 status=200 ok=True expected=315 predicted=315 correct=True latency=9.813s
[71/366] gsm8k_0276 status=200 ok=True expected=138 predicted=138 correct=True latency=9.148s
[72/366] gsm8k_0277 status=200 ok=True expected=9 predicted=9 correct=True latency=8.172s
[73/366] gsm8k_0282 status=200 ok=True expected=2450 predicted=2450 correct=True latency=9.007s
[74/366] gsm8k_0285 status=200 ok=True expected=360 predicted=360 correct=True latency=8.397s
[75/366] gsm8k_0288 status=200 ok=True expected=8 predicted=8 correct=True latency=7.521s
[76/366] gsm8k_0296 status=200 ok=True expected=370 predicted=370 correct=True latency=8.715s
[77/366] gsm8k_0299 status=200 ok=True expected=500 predicted=450 correct=False latency=10.514s
[78/366] gsm8k_0300 status=200 ok=True expected=31800 predicted=31800 correct=True latency=10.143s
[79/366] gsm8k_0304 status=200 ok=True expected=1300 predicted=1300 correct=True latency=10.406s
[80/366] gsm8k_0305 status=200 ok=True expected=3200 predicted=4800 correct=False latency=11.922s
[81/366] gsm8k_0308 status=200 ok=True expected=16 predicted=16 correct=True latency=9.265s
[82/366] gsm8k_0311 status=200 ok=True expected=2050 predicted=2050 correct=True latency=12.325s
[83/366] gsm8k_0314 status=200 ok=True expected=120000 predicted=120000 correct=True latency=9.492s
[84/366] gsm8k_0316 status=200 ok=True expected=14 predicted=14 correct=True latency=8.774s
[85/366] gsm8k_0326 status=200 ok=True expected=224000 predicted=224000 correct=True latency=10.509s
[86/366] gsm8k_0332 status=200 ok=True expected=8400 predicted=8400 correct=True latency=13.511s
[87/366] gsm8k_0334 status=200 ok=True expected=100 predicted=100 correct=True latency=8.449s
[88/366] gsm8k_0340 status=200 ok=True expected=160 predicted=160 correct=True latency=9.080s
[89/366] gsm8k_0341 status=200 ok=True expected=4 predicted=4 correct=True latency=5.235s
[90/366] gsm8k_0342 status=200 ok=True expected=260 predicted=260 correct=True latency=8.490s
[91/366] gsm8k_0349 status=200 ok=True expected=10 predicted=10 correct=True latency=9.005s
[92/366] gsm8k_0350 status=200 ok=True expected=2640 predicted=2640 correct=True latency=8.488s
[93/366] gsm8k_0354 status=200 ok=True expected=20 predicted=20 correct=True latency=10.036s
[94/366] gsm8k_0355 status=200 ok=True expected=45 predicted=45 correct=True latency=7.770s
[95/366] gsm8k_0358 status=200 ok=True expected=2 predicted=2 correct=True latency=9.285s
[96/366] gsm8k_0360 status=200 ok=True expected=4 predicted=4 correct=True latency=9.560s
[97/366] gsm8k_0362 status=200 ok=True expected=20 predicted=20 correct=True latency=8.720s
[98/366] gsm8k_0364 status=200 ok=True expected=6 predicted=6 correct=True latency=8.998s
[99/366] gsm8k_0368 status=200 ok=True expected=19 predicted=19 correct=True latency=9.965s
[100/366] gsm8k_0370 status=200 ok=True expected=1198 predicted=1198 correct=True latency=10.359s
[101/366] gsm8k_0378 status=200 ok=True expected=50 predicted=50 correct=True latency=7.410s
[102/366] gsm8k_0381 status=200 ok=True expected=803 predicted=760.42 correct=False latency=12.367s
[103/366] gsm8k_0384 status=200 ok=True expected=2 predicted=2 correct=True latency=10.520s
[104/366] gsm8k_0385 status=200 ok=True expected=32 predicted=32 correct=True latency=6.445s
[105/366] gsm8k_0393 status=200 ok=True expected=34 predicted=34 correct=True latency=9.255s
[106/366] gsm8k_0403 status=200 ok=True expected=4 predicted=4 correct=True latency=8.467s
[107/366] gsm8k_0406 status=200 ok=True expected=50 predicted=50 correct=True latency=9.736s
[108/366] gsm8k_0408 status=200 ok=True expected=2000 predicted=2000 correct=True latency=10.413s
[109/366] gsm8k_0410 status=200 ok=True expected=168000 predicted=168000 correct=True latency=8.984s
[110/366] gsm8k_0411 status=200 ok=True expected=3 predicted=3 correct=True latency=8.459s
[111/366] gsm8k_0414 status=200 ok=True expected=25 predicted=25 correct=True latency=9.438s
[112/366] gsm8k_0416 status=200 ok=True expected=350 predicted=350 correct=True latency=13.016s
[113/366] gsm8k_0417 status=200 ok=True expected=56 predicted=56 correct=True latency=8.183s
[114/366] gsm8k_0423 status=200 ok=True expected=284 predicted=284 correct=True latency=7.538s
[115/366] gsm8k_0424 status=200 ok=True expected=8 predicted=8 correct=True latency=10.823s
[116/366] gsm8k_0426 status=200 ok=True expected=150 predicted=150 correct=True latency=8.676s
[117/366] gsm8k_0428 status=200 ok=True expected=150 predicted=150 correct=True latency=11.951s
[118/366] gsm8k_0429 status=200 ok=True expected=26 predicted=13 correct=False latency=12.671s
[119/366] gsm8k_0435 status=200 ok=True expected=5 predicted=5 correct=True latency=8.659s
[120/366] gsm8k_0439 status=200 ok=True expected=2 predicted=2 correct=True latency=7.637s
[121/366] gsm8k_0440 status=200 ok=True expected=17 predicted=17 correct=True latency=9.008s
[122/366] gsm8k_0444 status=200 ok=True expected=59 predicted=59 correct=True latency=11.705s
[123/366] gsm8k_0446 status=200 ok=True expected=6 predicted=6 correct=True latency=10.452s
[124/366] gsm8k_0449 status=200 ok=True expected=539 predicted=539 correct=True latency=8.082s
[125/366] gsm8k_0451 status=200 ok=True expected=4 predicted=4 correct=True latency=10.138s
[126/366] gsm8k_0454 status=200 ok=True expected=6400 predicted=6400 correct=True latency=9.402s
[127/366] gsm8k_0456 status=200 ok=True expected=1920 predicted=1920 correct=True latency=8.301s
[128/366] gsm8k_0461 status=200 ok=True expected=84 predicted=84 correct=True latency=8.702s
[129/366] gsm8k_0467 status=200 ok=True expected=1 predicted=100 correct=False latency=9.027s
[130/366] gsm8k_0478 status=200 ok=True expected=20 predicted=20 correct=True latency=9.037s
[131/366] gsm8k_0480 status=200 ok=True expected=15400 predicted=15400 correct=True latency=8.196s
[132/366] gsm8k_0494 status=200 ok=True expected=25 predicted=25 correct=True latency=10.219s
[133/366] gsm8k_0495 status=200 ok=True expected=21 predicted=53 correct=False latency=10.120s
[134/366] gsm8k_0505 status=200 ok=True expected=2 predicted=2 correct=True latency=7.845s
[135/366] gsm8k_0506 status=200 ok=True expected=1600 predicted=1600 correct=True latency=14.056s
[136/366] gsm8k_0509 status=200 ok=True expected=120 predicted=120 correct=True latency=11.134s
[137/366] gsm8k_0511 status=200 ok=True expected=525 predicted=522 correct=False latency=9.977s
[138/366] gsm8k_0519 status=200 ok=True expected=32 predicted=32 correct=True latency=9.496s
[139/366] gsm8k_0528 status=200 ok=True expected=48 predicted=48 correct=True latency=11.627s
[140/366] gsm8k_0529 status=200 ok=True expected=172 predicted=172 correct=True latency=10.219s
[141/366] gsm8k_0531 status=200 ok=True expected=36 predicted=36 correct=True latency=8.990s
[142/366] gsm8k_0533 status=200 ok=True expected=25 predicted=25 correct=True latency=9.177s
[143/366] gsm8k_0534 status=200 ok=True expected=300 predicted=300 correct=True latency=9.795s
[144/366] gsm8k_0535 status=200 ok=True expected=300 predicted=300 correct=True latency=11.663s
[145/366] gsm8k_0542 status=200 ok=True expected=50 predicted=50 correct=True latency=9.306s
[146/366] gsm8k_0543 status=200 ok=True expected=7 predicted=7 correct=True latency=9.146s
[147/366] gsm8k_0551 status=200 ok=True expected=27 predicted=27 correct=True latency=9.321s
[148/366] gsm8k_0565 status=200 ok=True expected=240 predicted=240 correct=True latency=8.378s
[149/366] gsm8k_0571 status=200 ok=True expected=23 predicted=23 correct=True latency=9.665s
[150/366] gsm8k_0577 status=200 ok=True expected=11232 predicted=11232 correct=True latency=8.212s
[151/366] gsm8k_0579 status=200 ok=True expected=48 predicted=48 correct=True latency=9.574s
[152/366] gsm8k_0581 status=200 ok=True expected=500 predicted=500 correct=True latency=9.462s
[153/366] gsm8k_0582 status=200 ok=True expected=215 predicted=215 correct=True latency=8.358s
[154/366] gsm8k_0585 status=200 ok=True expected=2 predicted=2 correct=True latency=9.614s
[155/366] gsm8k_0586 status=200 ok=True expected=40 predicted=40 correct=True latency=8.202s
[156/366] gsm8k_0587 status=200 ok=True expected=800 predicted=800 correct=True latency=8.475s
[157/366] gsm8k_0588 status=200 ok=True expected=30 predicted=30 correct=True latency=12.257s
[158/366] gsm8k_0590 status=200 ok=True expected=15 predicted=15 correct=True latency=9.559s
[159/366] gsm8k_0591 status=200 ok=True expected=319 predicted=318 correct=False latency=8.580s
[160/366] gsm8k_0597 status=200 ok=True expected=260 predicted=260 correct=True latency=8.204s
[161/366] gsm8k_0602 status=200 ok=True expected=104 predicted=104 correct=True latency=8.872s
[162/366] gsm8k_0604 status=200 ok=True expected=1800 predicted=1800 correct=True latency=10.874s
[163/366] gsm8k_0606 status=200 ok=True expected=42 predicted=42 correct=True latency=9.585s
[164/366] gsm8k_0612 status=200 ok=True expected=1450000 predicted=1450000 correct=True latency=13.651s
[165/366] gsm8k_0616 status=200 ok=True expected=33 predicted=33 correct=True latency=8.649s
[166/366] gsm8k_0623 status=200 ok=True expected=7 predicted=7 correct=True latency=8.522s
[167/366] gsm8k_0627 status=200 ok=True expected=72 predicted=72 correct=True latency=8.221s
[168/366] gsm8k_0628 status=200 ok=True expected=54 predicted=54 correct=True latency=7.667s
[169/366] gsm8k_0630 status=200 ok=True expected=17500 predicted=17500 correct=True latency=8.837s
[170/366] gsm8k_0636 status=200 ok=True expected=4 predicted=4 correct=True latency=9.390s
[171/366] gsm8k_0639 status=200 ok=True expected=12 predicted=12 correct=True latency=8.595s
[172/366] gsm8k_0641 status=200 ok=True expected=43500 predicted=46500 correct=False latency=12.373s
[173/366] gsm8k_0642 status=200 ok=True expected=262500 predicted=262000 correct=False latency=11.342s
[174/366] gsm8k_0643 status=200 ok=True expected=10800 predicted=10800 correct=True latency=10.132s
[175/366] gsm8k_0658 status=200 ok=True expected=330000 predicted=330000 correct=True latency=9.972s
[176/366] gsm8k_0660 status=200 ok=True expected=3 predicted=3 correct=True latency=8.874s
[177/366] gsm8k_0676 status=200 ok=True expected=33 predicted=21 correct=False latency=13.073s
[178/366] gsm8k_0677 status=200 ok=True expected=240 predicted=240 correct=True latency=8.380s
[179/366] gsm8k_0682 status=200 ok=True expected=298 predicted=298 correct=True latency=11.046s
[180/366] gsm8k_0683 status=200 ok=True expected=80 predicted=80 correct=True latency=8.362s
[181/366] gsm8k_0684 status=200 ok=True expected=50 predicted=50 correct=True latency=10.358s
[182/366] gsm8k_0688 status=200 ok=True expected=13 predicted=13 correct=True latency=11.334s
[183/366] gsm8k_0690 status=200 ok=True expected=7 predicted=7 correct=True latency=11.070s
[184/366] gsm8k_0692 status=200 ok=True expected=25 predicted=25 correct=True latency=9.763s
[185/366] gsm8k_0693 status=200 ok=True expected=32 predicted=32 correct=True latency=9.390s
[186/366] gsm8k_0694 status=200 ok=True expected=68 predicted=68 correct=True latency=8.783s
[187/366] gsm8k_0697 status=200 ok=True expected=145 predicted=145 correct=True latency=10.067s
[188/366] gsm8k_0710 status=200 ok=True expected=3000 predicted=3000 correct=True latency=8.456s
[189/366] gsm8k_0712 status=200 ok=True expected=6 predicted=6 correct=True latency=9.313s
[190/366] gsm8k_0717 status=200 ok=True expected=770 predicted=770 correct=True latency=8.602s
[191/366] gsm8k_0722 status=200 ok=True expected=2450 predicted=2450 correct=True latency=13.046s
[192/366] gsm8k_0725 status=200 ok=True expected=18 predicted=18 correct=True latency=9.826s
[193/366] gsm8k_0727 status=200 ok=True expected=10 predicted=10 correct=True latency=9.154s
[194/366] gsm8k_0730 status=200 ok=True expected=1000 predicted=1000 correct=True latency=8.283s
[195/366] gsm8k_0738 status=200 ok=True expected=2 predicted=2 correct=True latency=6.899s
[196/366] gsm8k_0746 status=200 ok=True expected=1100 predicted=1100 correct=True latency=8.365s
[197/366] gsm8k_0751 status=200 ok=True expected=4000 predicted=4000 correct=True latency=8.251s
[198/366] gsm8k_0755 status=200 ok=True expected=89 predicted=89 correct=True latency=13.092s
[199/366] gsm8k_0758 status=200 ok=True expected=75 predicted=75 correct=True latency=10.915s
[200/366] gsm8k_0761 status=200 ok=True expected=16 predicted=16 correct=True latency=8.480s
[201/366] gsm8k_0773 status=200 ok=True expected=50 predicted=50 correct=True latency=9.207s
[202/366] gsm8k_0778 status=200 ok=True expected=4400 predicted=4400 correct=True latency=13.897s
[203/366] gsm8k_0779 status=200 ok=True expected=38 predicted=38 correct=True latency=9.048s
[204/366] gsm8k_0780 status=200 ok=True expected=255 predicted=255 correct=True latency=9.630s
[205/366] gsm8k_0781 status=200 ok=True expected=25 predicted=25 correct=True latency=9.057s
[206/366] gsm8k_0784 status=200 ok=True expected=4 predicted=4 correct=True latency=9.894s
[207/366] gsm8k_0785 status=200 ok=True expected=15 predicted=15 correct=True latency=8.433s
[208/366] gsm8k_0797 status=200 ok=True expected=2880000 predicted=2640000 correct=False latency=11.083s
[209/366] gsm8k_0799 status=200 ok=True expected=20 predicted=20 correct=True latency=10.122s
[210/366] gsm8k_0802 status=200 ok=True expected=1240 predicted=1240 correct=True latency=8.533s
[211/366] gsm8k_0803 status=200 ok=True expected=6 predicted=6 correct=True latency=12.619s
[212/366] gsm8k_0804 status=200 ok=True expected=9 predicted=9 correct=True latency=8.918s
[213/366] gsm8k_0807 status=200 ok=True expected=70 predicted=70 correct=True latency=10.048s
[214/366] gsm8k_0813 status=200 ok=True expected=79 predicted=79 correct=True latency=9.728s
[215/366] gsm8k_0815 status=200 ok=True expected=11 predicted=17 correct=False latency=14.242s
[216/366] gsm8k_0816 status=200 ok=True expected=4 predicted=4 correct=True latency=11.660s
[217/366] gsm8k_0828 status=200 ok=True expected=11 predicted=11 correct=True latency=9.588s
[218/366] gsm8k_0830 status=200 ok=True expected=14000 predicted=14000 correct=True latency=8.349s
[219/366] gsm8k_0831 status=200 ok=True expected=1128 predicted=1128 correct=True latency=10.277s
[220/366] gsm8k_0832 status=200 ok=True expected=324 predicted=324 correct=True latency=10.774s
[221/366] gsm8k_0834 status=200 ok=True expected=40 predicted=40 correct=True latency=9.039s
[222/366] gsm8k_0836 status=200 ok=True expected=48 predicted=36 correct=False latency=10.760s
[223/366] gsm8k_0838 status=200 ok=True expected=120 predicted=120 correct=True latency=9.714s
[224/366] gsm8k_0845 status=200 ok=True expected=180 predicted=180 correct=True latency=9.493s
[225/366] gsm8k_0848 status=200 ok=True expected=975 predicted=975 correct=True latency=7.056s
[226/366] gsm8k_0856 status=200 ok=True expected=13 predicted=13 correct=True latency=9.069s
[227/366] gsm8k_0859 status=200 ok=True expected=3430 predicted=3430 correct=True latency=10.421s
[228/366] gsm8k_0862 status=200 ok=True expected=30 predicted=30 correct=True latency=9.337s
[229/366] gsm8k_0863 status=200 ok=True expected=40 predicted=40 correct=True latency=8.190s
[230/366] gsm8k_0872 status=200 ok=True expected=48 predicted=48 correct=True latency=8.825s
[231/366] gsm8k_0873 status=200 ok=True expected=13 predicted=13 correct=True latency=7.993s
[232/366] gsm8k_0877 status=200 ok=True expected=41 predicted=41 correct=True latency=8.801s
[233/366] gsm8k_0878 status=200 ok=True expected=7000 predicted=7000 correct=True latency=8.878s
[234/366] gsm8k_0883 status=200 ok=True expected=5 predicted=5 correct=True latency=10.892s
[235/366] gsm8k_0891 status=200 ok=True expected=25 predicted=25 correct=True latency=8.692s
[236/366] gsm8k_0892 status=200 ok=True expected=55 predicted=55 correct=True latency=7.998s
[237/366] gsm8k_0893 status=200 ok=True expected=1 predicted=1 correct=True latency=8.279s
[238/366] gsm8k_0895 status=200 ok=True expected=26 predicted=26 correct=True latency=9.802s
[239/366] gsm8k_0902 status=200 ok=True expected=1 predicted=2 correct=False latency=9.943s
[240/366] gsm8k_0904 status=200 ok=True expected=16 predicted=16 correct=True latency=8.477s
[241/366] gsm8k_0910 status=200 ok=True expected=38 predicted=38 correct=True latency=8.812s
[242/366] gsm8k_0914 status=200 ok=True expected=6 predicted=6 correct=True latency=8.549s
[243/366] gsm8k_0917 status=200 ok=True expected=14 predicted=14 correct=True latency=7.914s
[244/366] gsm8k_0920 status=200 ok=True expected=90 predicted=90 correct=True latency=9.780s
[245/366] gsm8k_0921 status=200 ok=True expected=47 predicted=47 correct=True latency=8.464s
[246/366] gsm8k_0924 status=200 ok=True expected=2 predicted=2 correct=True latency=6.272s
[247/366] gsm8k_0927 status=200 ok=True expected=1 predicted=1 correct=True latency=10.439s
[248/366] gsm8k_0928 status=200 ok=True expected=85000 predicted=85000 correct=True latency=9.033s
[249/366] gsm8k_0929 status=200 ok=True expected=60 predicted=60 correct=True latency=7.851s
[250/366] gsm8k_0930 status=200 ok=True expected=60 predicted=60 correct=True latency=8.207s
[251/366] gsm8k_0932 status=200 ok=True expected=50 predicted=50 correct=True latency=9.275s
[252/366] gsm8k_0936 status=200 ok=True expected=64800 predicted=64800 correct=True latency=9.617s
[253/366] gsm8k_0937 status=200 ok=True expected=250 predicted=250 correct=True latency=9.474s
[254/366] gsm8k_0939 status=200 ok=True expected=4 predicted=4 correct=True latency=9.304s
[255/366] gsm8k_0946 status=200 ok=True expected=17 predicted=17 correct=True latency=11.744s
[256/366] gsm8k_0949 status=200 ok=True expected=15 predicted=15 correct=True latency=7.968s
[257/366] gsm8k_0953 status=200 ok=True expected=360 predicted=1800 correct=False latency=9.865s
[258/366] gsm8k_0954 status=200 ok=True expected=452 predicted=497 correct=False latency=8.527s
[259/366] gsm8k_0960 status=200 ok=True expected=7 predicted=7 correct=True latency=7.020s
[260/366] gsm8k_0961 status=200 ok=True expected=11 predicted=11 correct=True latency=11.648s
[261/366] gsm8k_0964 status=200 ok=True expected=147 predicted=147 correct=True latency=11.164s
[262/366] gsm8k_0966 status=200 ok=True expected=374 predicted=374 correct=True latency=10.553s
[263/366] gsm8k_0967 status=200 ok=True expected=48 predicted=48 correct=True latency=8.388s
[264/366] gsm8k_0976 status=200 ok=True expected=20 predicted=20 correct=True latency=8.569s
[265/366] gsm8k_0977 status=200 ok=True expected=540 predicted=540 correct=True latency=15.028s
[266/366] gsm8k_0980 status=200 ok=True expected=50 predicted=50 correct=True latency=11.345s
[267/366] gsm8k_0985 status=200 ok=True expected=342 predicted=168 correct=False latency=13.281s
[268/366] gsm8k_0987 status=200 ok=True expected=70 predicted=70 correct=True latency=9.239s
[269/366] gsm8k_0988 status=200 ok=True expected=3 predicted=3 correct=True latency=8.530s
[270/366] gsm8k_0990 status=200 ok=True expected=45 predicted=45 correct=True latency=9.901s
[271/366] gsm8k_0992 status=200 ok=True expected=15 predicted=15 correct=True latency=8.203s
[272/366] gsm8k_0994 status=200 ok=True expected=11 predicted=11 correct=True latency=9.056s
[273/366] gsm8k_0995 status=200 ok=True expected=2 predicted=2 correct=True latency=6.223s
[274/366] gsm8k_1000 status=200 ok=True expected=25 predicted=25 correct=True latency=8.561s
[275/366] gsm8k_1001 status=200 ok=True expected=1 predicted=1 correct=True latency=10.231s
[276/366] gsm8k_1004 status=200 ok=True expected=480 predicted=480 correct=True latency=10.512s
[277/366] gsm8k_1007 status=200 ok=True expected=826 predicted=826 correct=True latency=9.308s
[278/366] gsm8k_1009 status=200 ok=True expected=230 predicted=230 correct=True latency=8.903s
[279/366] gsm8k_1010 status=200 ok=True expected=1875 predicted=1875 correct=True latency=11.164s
[280/366] gsm8k_1012 status=200 ok=True expected=6000 predicted=6000 correct=True latency=15.423s
[281/366] gsm8k_1013 status=200 ok=True expected=94 predicted=56 correct=False latency=15.874s
[282/366] gsm8k_1015 status=200 ok=True expected=3 predicted=0 correct=False latency=10.867s
[283/366] gsm8k_1017 status=200 ok=True expected=138 predicted=139 correct=False latency=9.611s
[284/366] gsm8k_1022 status=200 ok=True expected=36 predicted=36 correct=True latency=9.165s
[285/366] gsm8k_1023 status=200 ok=True expected=12 predicted=12 correct=True latency=10.582s
[286/366] gsm8k_1030 status=200 ok=True expected=34 predicted=34 correct=True latency=9.731s
[287/366] gsm8k_1034 status=200 ok=True expected=2 predicted=2 correct=True latency=5.012s
[288/366] gsm8k_1038 status=200 ok=True expected=10 predicted=10 correct=True latency=9.019s
[289/366] gsm8k_1039 status=200 ok=True expected=4 predicted=4 correct=True latency=10.542s
[290/366] gsm8k_1043 status=200 ok=True expected=3 predicted=3.5 correct=False latency=10.709s
[291/366] gsm8k_1048 status=200 ok=True expected=10 predicted=10 correct=True latency=7.933s
[292/366] gsm8k_1049 status=200 ok=True expected=7400 predicted=9860.78 correct=False latency=9.461s
[293/366] gsm8k_1055 status=200 ok=True expected=2400 predicted=2400 correct=True latency=8.873s
[294/366] gsm8k_1061 status=200 ok=True expected=31 predicted=31 correct=True latency=9.621s
[295/366] gsm8k_1063 status=200 ok=True expected=482 predicted=482 correct=True latency=9.475s
[296/366] gsm8k_1068 status=200 ok=True expected=245 predicted=245 correct=True latency=8.956s
[297/366] gsm8k_1072 status=200 ok=True expected=251 predicted=251 correct=True latency=7.707s
[298/366] gsm8k_1073 status=200 ok=True expected=85 predicted=120 correct=False latency=11.569s
[299/366] gsm8k_1074 status=200 ok=True expected=21 predicted=21 correct=True latency=7.684s
[300/366] gsm8k_1078 status=200 ok=True expected=145 predicted=145 correct=True latency=11.574s
[301/366] gsm8k_1080 status=200 ok=True expected=10 predicted=10 correct=True latency=9.414s
[302/366] gsm8k_1083 status=200 ok=True expected=2 predicted=2 correct=True latency=9.108s
[303/366] gsm8k_1084 status=200 ok=True expected=2 predicted=2 correct=True latency=8.921s
[304/366] gsm8k_1087 status=200 ok=True expected=131250 predicted=131250 correct=True latency=12.024s
[305/366] gsm8k_1089 status=200 ok=True expected=30 predicted=30 correct=True latency=9.747s
[306/366] gsm8k_1090 status=200 ok=True expected=32 predicted=32 correct=True latency=8.935s
[307/366] gsm8k_1094 status=200 ok=True expected=144 predicted=144 correct=True latency=9.798s
[308/366] gsm8k_1095 status=200 ok=True expected=25 predicted=25 correct=True latency=10.775s
[309/366] gsm8k_1096 status=200 ok=True expected=270 predicted=270 correct=True latency=8.245s
[310/366] gsm8k_1097 status=200 ok=True expected=240 predicted=240 correct=True latency=9.265s
[311/366] gsm8k_1103 status=200 ok=True expected=113 predicted=113 correct=True latency=10.160s
[312/366] gsm8k_1106 status=200 ok=True expected=40 predicted=40 correct=True latency=10.493s
[313/366] gsm8k_1119 status=200 ok=True expected=5 predicted=5 correct=True latency=9.727s
[314/366] gsm8k_1123 status=200 ok=True expected=18 predicted=18 correct=True latency=13.174s
[315/366] gsm8k_1130 status=200 ok=True expected=8 predicted=8 correct=True latency=9.791s
[316/366] gsm8k_1131 status=200 ok=True expected=25 predicted=25 correct=True latency=9.758s
[317/366] gsm8k_1133 status=200 ok=True expected=45000 predicted=45000 correct=True latency=10.056s
[318/366] gsm8k_1134 status=200 ok=True expected=50 predicted=50 correct=True latency=11.471s
[319/366] gsm8k_1138 status=200 ok=True expected=68 predicted=68 correct=True latency=9.902s
[320/366] gsm8k_1139 status=200 ok=True expected=700 predicted=700 correct=True latency=8.854s
[321/366] gsm8k_1141 status=200 ok=True expected=27 predicted=27 correct=True latency=9.146s
[322/366] gsm8k_1146 status=200 ok=True expected=291 predicted=291 correct=True latency=9.952s
[323/366] gsm8k_1148 status=200 ok=True expected=22 predicted=22 correct=True latency=8.521s
[324/366] gsm8k_1159 status=200 ok=True expected=7300 predicted=7300 correct=True latency=8.009s
[325/366] gsm8k_1161 status=200 ok=True expected=1125 predicted=1125 correct=True latency=8.573s
[326/366] gsm8k_1162 status=200 ok=True expected=170 predicted=140 correct=False latency=9.475s
[327/366] gsm8k_1166 status=200 ok=True expected=1248 predicted=1248 correct=True latency=8.906s
[328/366] gsm8k_1167 status=200 ok=True expected=2350 predicted=2350 correct=True latency=12.288s
[329/366] gsm8k_1169 status=200 ok=True expected=20 predicted=20 correct=True latency=10.313s
[330/366] gsm8k_1172 status=200 ok=True expected=3160 predicted=3160 correct=True latency=9.393s
[331/366] gsm8k_1175 status=200 ok=True expected=240 predicted=240 correct=True latency=8.807s
[332/366] gsm8k_1177 status=200 ok=True expected=2 predicted=1 correct=False latency=10.270s
[333/366] gsm8k_1182 status=200 ok=True expected=20 predicted=20 correct=True latency=12.247s
[334/366] gsm8k_1183 status=200 ok=True expected=1800 predicted=1800 correct=True latency=8.697s
[335/366] gsm8k_1184 status=200 ok=True expected=11 predicted=11 correct=True latency=7.649s
[336/366] gsm8k_1186 status=200 ok=True expected=6 predicted=6 correct=True latency=7.769s
[337/366] gsm8k_1191 status=200 ok=True expected=19 predicted=19 correct=True latency=16.369s
[338/366] gsm8k_1194 status=200 ok=True expected=9 predicted=9 correct=True latency=8.677s
[339/366] gsm8k_1197 status=200 ok=True expected=75 predicted=75 correct=True latency=8.446s
[340/366] gsm8k_1198 status=200 ok=True expected=2400 predicted=2400 correct=True latency=10.379s
[341/366] gsm8k_1199 status=200 ok=True expected=140 predicted=140 correct=True latency=9.458s
[342/366] gsm8k_1210 status=200 ok=True expected=29 predicted=29 correct=True latency=9.658s
[343/366] gsm8k_1213 status=200 ok=True expected=150 predicted=150 correct=True latency=9.151s
[344/366] gsm8k_1216 status=200 ok=True expected=36 predicted=36 correct=True latency=11.846s
[345/366] gsm8k_1218 status=200 ok=True expected=75 predicted=75 correct=True latency=12.065s
[346/366] gsm8k_1219 status=200 ok=True expected=225 predicted=225 correct=True latency=7.564s
[347/366] gsm8k_1227 status=200 ok=True expected=90 predicted=90 correct=True latency=9.510s
[348/366] gsm8k_1229 status=200 ok=True expected=31 predicted=31 correct=True latency=10.111s
[349/366] gsm8k_1236 status=200 ok=True expected=60 predicted=60 correct=True latency=7.513s
[350/366] gsm8k_1241 status=200 ok=True expected=2 predicted=2 correct=True latency=8.690s
[351/366] gsm8k_1253 status=200 ok=True expected=70 predicted=70 correct=True latency=8.336s
[352/366] gsm8k_1257 status=200 ok=True expected=15 predicted=15 correct=True latency=8.774s
[353/366] gsm8k_1264 status=200 ok=True expected=500 predicted=500 correct=True latency=8.540s
[354/366] gsm8k_1265 status=200 ok=True expected=210 predicted=210 correct=True latency=10.005s
[355/366] gsm8k_1266 status=200 ok=True expected=36 predicted=36 correct=True latency=9.218s
[356/366] gsm8k_1271 status=200 ok=True expected=3528 predicted=3528 correct=True latency=8.843s
[357/366] gsm8k_1282 status=200 ok=True expected=20 predicted=20 correct=True latency=9.222s
[358/366] gsm8k_1285 status=200 ok=True expected=25 predicted=25 correct=True latency=8.565s
[359/366] gsm8k_1289 status=200 ok=True expected=34 predicted=2040 correct=False latency=10.444s
[360/366] gsm8k_1299 status=200 ok=True expected=31 predicted=31 correct=True latency=7.844s
[361/366] gsm8k_1302 status=200 ok=True expected=23 predicted=23 correct=True latency=11.878s
[362/366] gsm8k_1304 status=200 ok=True expected=4 predicted=4 correct=True latency=9.863s
[363/366] gsm8k_1307 status=200 ok=True expected=2 predicted=2 correct=True latency=9.662s
[364/366] gsm8k_1311 status=200 ok=True expected=64 predicted=64 correct=True latency=12.293s
[365/366] gsm8k_1315 status=200 ok=True expected=8 predicted=8 correct=True latency=8.407s
[366/366] gsm8k_1318 status=200 ok=True expected=5 predicted=5 correct=True latency=8.443s
===== GSM8K SUMMARY =====
total_cases: 366
successful_api_cases: 366
failed_api_cases: 0
api_error_rate: 0.0
parseable_answer_cases: 366
correct_cases: 333
accuracy_all_cases: 0.909836
accuracy_successful_api_cases: 0.909836
client_latency_avg: 9.63807
client_latency_p50: 9.328692
client_latency_p95: 12.871107
server_latency_avg: 9.636136
server_latency_p50: 9.327079
server_latency_p95: 12.86914
tokens_per_second_avg: 31.239419
tokens_per_second_p50: 31.24115
tokens_per_second_p95: 31.3956
output_tokens_avg: 301.013661
saved_summary: results/week2_hardening/bf16_controlled/cap_hit_366_max768/gsm8k_bf16_cap_hit_366_max768_summary_20260621.csv
runner_exit_status=0
